[2026-07-23 13:49:53] INFO  [scheduler] Modo teste — executando agora...
[2026-07-23 13:49:53] INFO  ============================================================
[2026-07-23 13:49:53] INFO  PIPELINE LCB — 2026-07-23
[2026-07-23 13:49:53] INFO  ============================================================
[2026-07-23 13:49:53] INFO  [step 1/3] Buscando email no Outlook...
[2026-07-23 13:49:53] WARNING  [step 1/3] ⚠️  Imagem não encontrada. Pipeline abortado.
[2026-07-23 13:49:53] INFO             Possíveis causas:
[2026-07-23 13:49:53] INFO             - Email ainda não chegou (tente depois das 07:00)
[2026-07-23 13:49:53] INFO             - Credenciais Azure inválidas (.env)
[2026-07-23 13:49:53] INFO             - Permissão Mail.Read não concedida no Azure AD
[2026-07-23 13:53:01] INFO  [scheduler] Modo teste — executando agora...
[2026-07-23 13:53:01] INFO  ============================================================
[2026-07-23 13:53:01] INFO  PIPELINE LCB — 2026-07-23
[2026-07-23 13:53:01] INFO  ============================================================
[2026-07-23 13:53:01] INFO  [step 1/3] Buscando email no Outlook...
[2026-07-23 13:53:02] WARNING  [step 1/3] ⚠️  Imagem não encontrada. Pipeline abortado.
[2026-07-23 13:53:02] INFO             Possíveis causas:
[2026-07-23 13:53:02] INFO             - Email ainda não chegou (tente depois das 07:00)
[2026-07-23 13:53:02] INFO             - Credenciais Azure inválidas (.env)
[2026-07-23 13:53:02] INFO             - Permissão Mail.Read não concedida no Azure AD
[2026-07-23 13:57:00] INFO  [scheduler] Modo teste — executando agora...
[2026-07-23 13:57:00] INFO  ============================================================
[2026-07-23 13:57:00] INFO  PIPELINE LCB — 2026-07-23
[2026-07-23 13:57:00] INFO  ============================================================
[2026-07-23 13:57:00] INFO  [step 1/3] Buscando email no Outlook...
[2026-07-23 13:57:00] WARNING  [step 1/3] ⚠️  Imagem não encontrada. Pipeline abortado.
[2026-07-23 13:57:00] INFO             Possíveis causas:
[2026-07-23 13:57:00] INFO             - Email ainda não chegou (tente depois das 07:00)
[2026-07-23 13:57:00] INFO             - Credenciais Azure inválidas (.env)
[2026-07-23 13:57:00] INFO             - Permissão Mail.Read não concedida no Azure AD
[2026-07-23 13:57:56] INFO  [scheduler] Modo teste — executando agora...
[2026-07-23 13:57:56] INFO  ============================================================
[2026-07-23 13:57:56] INFO  PIPELINE LCB — 2026-07-23
[2026-07-23 13:57:56] INFO  ============================================================
[2026-07-23 13:57:56] INFO  [step 1/3] Buscando email no Outlook...
[2026-07-23 13:57:57] WARNING  [step 1/3] ⚠️  Imagem não encontrada. Pipeline abortado.
[2026-07-23 13:57:57] INFO             Possíveis causas:
[2026-07-23 13:57:57] INFO             - Email ainda não chegou (tente depois das 07:00)
[2026-07-23 13:57:57] INFO             - Credenciais Azure inválidas (.env)
[2026-07-23 13:57:57] INFO             - Permissão Mail.Read não concedida no Azure AD
[2026-07-23 14:12:42] INFO  [scheduler] Modo teste — executando agora...
[2026-07-23 14:12:42] INFO  ============================================================
[2026-07-23 14:12:42] INFO  PIPELINE LCB — 2026-07-23
[2026-07-23 14:12:42] INFO  ============================================================
[2026-07-23 14:12:42] INFO  [step 1/3] Buscando email no Outlook...
[2026-07-23 14:24:51] INFO  [scheduler] Modo teste — executando agora...
[2026-07-23 14:24:51] INFO  ============================================================
[2026-07-23 14:24:51] INFO  PIPELINE LCB — 2026-07-23
[2026-07-23 14:24:51] INFO  ============================================================
[2026-07-23 14:24:51] INFO  [step 1/3] Buscando email no Outlook...
[2026-07-23 14:25:13] INFO  [scheduler] Modo teste — executando agora...
[2026-07-23 14:25:13] INFO  ============================================================
[2026-07-23 14:25:13] INFO  PIPELINE LCB — 2026-07-23
[2026-07-23 14:25:13] INFO  ============================================================
[2026-07-23 14:25:13] INFO  [step 1/3] Buscando email no Outlook...
[2026-07-23 14:25:26] WARNING  [step 1/3] ⚠️  Imagem não encontrada. Pipeline abortado.
[2026-07-23 14:25:26] INFO             Possíveis causas:
[2026-07-23 14:25:26] INFO             - Email ainda não chegou (tente depois das 07:00)
[2026-07-23 14:25:26] INFO             - Credenciais Azure inválidas (.env)
[2026-07-23 14:25:26] INFO             - Permissão Mail.Read não concedida no Azure AD
[2026-07-23 14:39:33] INFO  [scheduler] Modo teste — executando agora...
[2026-07-23 14:39:33] INFO  ============================================================
[2026-07-23 14:39:33] INFO  PIPELINE LCB — 2026-07-23
[2026-07-23 14:39:33] INFO  ============================================================
[2026-07-23 14:39:33] INFO  [step 1/3] Buscando email no Outlook...
[2026-07-23 14:51:18] INFO  [scheduler] Modo teste — executando agora...
[2026-07-23 14:51:18] INFO  ============================================================
[2026-07-23 14:51:18] INFO  PIPELINE LCB — 2026-07-23
[2026-07-23 14:51:18] INFO  ============================================================
[2026-07-23 14:51:18] INFO  [step 1/3] Buscando email no Outlook...
[2026-07-23 14:54:10] INFO  [scheduler] Modo teste — executando agora...
[2026-07-23 14:54:10] INFO  ============================================================
[2026-07-23 14:54:10] INFO  PIPELINE LCB — 2026-07-23
[2026-07-23 14:54:10] INFO  ============================================================
[2026-07-23 14:54:10] INFO  [step 1/3] Buscando email no Outlook...
[2026-07-23 15:02:02] INFO  [scheduler] Modo teste — executando agora...
[2026-07-23 15:02:02] INFO  ============================================================
[2026-07-23 15:02:02] INFO  PIPELINE LCB — 2026-07-23
[2026-07-23 15:02:02] INFO  ============================================================
[2026-07-23 15:02:02] INFO  [step 1/3] Buscando email no Outlook...
[2026-07-23 15:04:02] INFO  [scheduler] Modo teste — executando agora...
[2026-07-23 15:04:02] INFO  ============================================================
[2026-07-23 15:04:02] INFO  PIPELINE LCB — 2026-07-23
[2026-07-23 15:04:02] INFO  ============================================================
[2026-07-23 15:04:02] INFO  [step 1/3] Buscando email no Outlook...
[2026-07-23 15:07:10] INFO  [scheduler] Modo teste — executando agora...
[2026-07-23 15:07:10] INFO  ============================================================
[2026-07-23 15:07:10] INFO  PIPELINE LCB — 2026-07-23
[2026-07-23 15:07:10] INFO  ============================================================
[2026-07-23 15:07:10] INFO  [step 1/3] Buscando email no Outlook...
[2026-07-23 15:07:38] INFO  [scheduler] Modo teste — executando agora...
[2026-07-23 15:07:38] INFO  ============================================================
[2026-07-23 15:07:38] INFO  PIPELINE LCB — 2026-07-23
[2026-07-23 15:07:38] INFO  ============================================================
[2026-07-23 15:07:38] INFO  [step 1/3] Buscando email no Outlook...
[2026-07-23 15:15:08] INFO  [scheduler] Modo teste — executando agora...
[2026-07-23 15:15:08] INFO  ============================================================
[2026-07-23 15:15:08] INFO  PIPELINE LCB — 2026-07-23
[2026-07-23 15:15:08] INFO  ============================================================
[2026-07-23 15:15:08] INFO  [step 1/3] Buscando email no Outlook...
[2026-07-23 15:15:12] INFO  [step 1/3] ✅ Imagem baixada: C:\Users\gsieuh\Downloads\Projeto de Estagio LCB - Capacity\backend\attachments\ocupacao_lcb_20260723_151512.png
[2026-07-23 15:15:12] INFO  [step 2/3] Extraindo dados...
[2026-07-23 15:15:14] ERROR  [step 2/3] ❌ Erro no OCR: OCR não retornou texto útil.
[2026-07-23 15:26:02] INFO  [scheduler] Modo teste — executando agora...
[2026-07-23 15:26:02] INFO  ============================================================
[2026-07-23 15:26:02] INFO  PIPELINE LCB — 2026-07-23
[2026-07-23 15:26:02] INFO  ============================================================
[2026-07-23 15:26:02] INFO  [step 1/3] Buscando email no Outlook...
[2026-07-23 15:26:10] INFO  [step 1/3] ✅ Imagem baixada: C:\Users\gsieuh\Downloads\Projeto de Estagio LCB - Capacity\backend\attachments\ocupacao_lcb_20260723_152609.png
[2026-07-23 15:26:10] INFO  [step 2/3] Extraindo dados...
[2026-07-23 15:26:12] ERROR  [step 2/3] ❌ Erro no OCR: OCR não retornou texto útil.
[2026-07-23 15:32:32] INFO  [scheduler] Modo teste — executando agora...
[2026-07-23 15:32:32] INFO  ============================================================
[2026-07-23 15:32:32] INFO  PIPELINE LCB — 2026-07-23
[2026-07-23 15:32:32] INFO  ============================================================
[2026-07-23 15:32:32] INFO  [step 1/3] Buscando email no Outlook...
[2026-07-23 15:32:39] INFO  [step 1/3] ✅ Imagem baixada: C:\Users\gsieuh\Downloads\Projeto de Estagio LCB - Capacity\backend\attachments\ocupacao_lcb_20260723_153239.png
[2026-07-23 15:32:39] INFO  [step 2/3] Extraindo dados...
[2026-07-23 15:32:41] ERROR  [step 2/3] ❌ Erro no OCR: OCR não retornou texto útil.
[2026-07-23 15:45:05] INFO  [scheduler] Modo teste — executando agora...
[2026-07-23 15:45:05] INFO  ============================================================
[2026-07-23 15:45:05] INFO  PIPELINE LCB — 2026-07-23
[2026-07-23 15:45:05] INFO  ============================================================
[2026-07-23 15:45:05] INFO  [step 1/3] Buscando email no Outlook...
[2026-07-23 15:45:11] INFO  [step 1/3] ✅ Imagem baixada: C:\Users\gsieuh\Downloads\Projeto de Estagio LCB - Capacity\backend\attachments\ocupacao_lcb_20260723_154510.png
[2026-07-23 15:45:11] INFO  [step 2/3] Extraindo dados...
[2026-07-23 15:45:12] ERROR  [step 2/3] ❌ Erro no OCR: OCR não retornou texto útil.
